// Jest Snapshot v1, https://goo.gl/fbAQLP

exports[`describe ParsePathResult 1`] = `
Array [
  "https://ipfs.io/ipfs/QmTWsPwz1wrKSgpiKa5tyC3rWkWh3Kym6ikCSmwiGPsfqd",
  "https://ipfs.infura.io/ipfs/QmTWsPwz1wrKSgpiKa5tyC3rWkWh3Kym6ikCSmwiGPsfqd",
  "https://infura-ipfs.io/ipfs/QmTWsPwz1wrKSgpiKa5tyC3rWkWh3Kym6ikCSmwiGPsfqd",
  "https://cloudflare-ipfs.com/ipfs/QmTWsPwz1wrKSgpiKa5tyC3rWkWh3Kym6ikCSmwiGPsfqd",
  "https://cf-ipfs.com/ipfs/QmTWsPwz1wrKSgpiKa5tyC3rWkWh3Kym6ikCSmwiGPsfqd",
  "https://gateway.ipfs.io/ipfs/QmTWsPwz1wrKSgpiKa5tyC3rWkWh3Kym6ikCSmwiGPsfqd",
  "https://dweb.link/ipfs/QmTWsPwz1wrKSgpiKa5tyC3rWkWh3Kym6ikCSmwiGPsfqd",
  "https://ipfs.fleek.co/ipfs/QmTWsPwz1wrKSgpiKa5tyC3rWkWh3Kym6ikCSmwiGPsfqd",
  "https://gateway.pinata.cloud/ipfs/QmTWsPwz1wrKSgpiKa5tyC3rWkWh3Kym6ikCSmwiGPsfqd",
  "https://ipfs.greyh.at/ipfs/QmTWsPwz1wrKSgpiKa5tyC3rWkWh3Kym6ikCSmwiGPsfqd",
  "https://jorropo.net/ipfs/QmTWsPwz1wrKSgpiKa5tyC3rWkWh3Kym6ikCSmwiGPsfqd",
  "https://ipfs.runfission.com/ipfs/QmTWsPwz1wrKSgpiKa5tyC3rWkWh3Kym6ikCSmwiGPsfqd",
  "https://ipfs.best-practice.se/ipfs/QmTWsPwz1wrKSgpiKa5tyC3rWkWh3Kym6ikCSmwiGPsfqd",
  "https://snap1.d.tube/ipfs/QmTWsPwz1wrKSgpiKa5tyC3rWkWh3Kym6ikCSmwiGPsfqd",
  "https://gateway.originprotocol.com/ipfs/QmTWsPwz1wrKSgpiKa5tyC3rWkWh3Kym6ikCSmwiGPsfqd",
  "https://ipfs.mrh.io/ipfs/QmTWsPwz1wrKSgpiKa5tyC3rWkWh3Kym6ikCSmwiGPsfqd",
  "https://10.via0.com/ipfs/QmTWsPwz1wrKSgpiKa5tyC3rWkWh3Kym6ikCSmwiGPsfqd",
  "https://ninetailed.ninja/ipfs/QmTWsPwz1wrKSgpiKa5tyC3rWkWh3Kym6ikCSmwiGPsfqd",
  "https://ipfs.yt/ipfs/QmTWsPwz1wrKSgpiKa5tyC3rWkWh3Kym6ikCSmwiGPsfqd",
  "https://ipfs.overpi.com/ipfs/QmTWsPwz1wrKSgpiKa5tyC3rWkWh3Kym6ikCSmwiGPsfqd",
  "https://ipfs.drink.cafe/ipfs/QmTWsPwz1wrKSgpiKa5tyC3rWkWh3Kym6ikCSmwiGPsfqd",
  "https://robotizing.net/ipfs/QmTWsPwz1wrKSgpiKa5tyC3rWkWh3Kym6ikCSmwiGPsfqd",
  "https://ipfs.telos.miami/ipfs/QmTWsPwz1wrKSgpiKa5tyC3rWkWh3Kym6ikCSmwiGPsfqd",
  "https://ipfs.tubby.cloud/ipfs/QmTWsPwz1wrKSgpiKa5tyC3rWkWh3Kym6ikCSmwiGPsfqd",
  "https://ipfs.kaleido.art/ipfs/QmTWsPwz1wrKSgpiKa5tyC3rWkWh3Kym6ikCSmwiGPsfqd",
  "https://crustwebsites.net/ipfs/QmTWsPwz1wrKSgpiKa5tyC3rWkWh3Kym6ikCSmwiGPsfqd",
  "https://hub.textile.io/ipfs/QmTWsPwz1wrKSgpiKa5tyC3rWkWh3Kym6ikCSmwiGPsfqd",
  "https://ipfs.itargo.io/ipfs/QmTWsPwz1wrKSgpiKa5tyC3rWkWh3Kym6ikCSmwiGPsfqd",
  "https://ipfs.decoo.io/ipfs/QmTWsPwz1wrKSgpiKa5tyC3rWkWh3Kym6ikCSmwiGPsfqd",
  "https://ipfs.denarius.io/ipfs/QmTWsPwz1wrKSgpiKa5tyC3rWkWh3Kym6ikCSmwiGPsfqd",
  "https://ravencoinipfs-gateway.com/ipfs/QmTWsPwz1wrKSgpiKa5tyC3rWkWh3Kym6ikCSmwiGPsfqd",
  "https://trusted-setup.filecoin.io/ipfs/QmTWsPwz1wrKSgpiKa5tyC3rWkWh3Kym6ikCSmwiGPsfqd",
  "https://ipfs.eth.aragon.network/ipfs/QmTWsPwz1wrKSgpiKa5tyC3rWkWh3Kym6ikCSmwiGPsfqd",
  "https://bluelight.link/ipfs/QmTWsPwz1wrKSgpiKa5tyC3rWkWh3Kym6ikCSmwiGPsfqd",
  "https://ipfs.smartholdem.io/ipfs/QmTWsPwz1wrKSgpiKa5tyC3rWkWh3Kym6ikCSmwiGPsfqd",
  "https://ipfs.slang.cx/ipfs/QmTWsPwz1wrKSgpiKa5tyC3rWkWh3Kym6ikCSmwiGPsfqd",
  "https://video.oneloveipfs.com/ipfs/QmTWsPwz1wrKSgpiKa5tyC3rWkWh3Kym6ikCSmwiGPsfqd",
  "https://bafybeicm5clh7fl4up4prnbfqksou6vsp5voth54rcsxhsjysimm3o77fq.ipfs.infura-ipfs.io/",
  "https://bafybeicm5clh7fl4up4prnbfqksou6vsp5voth54rcsxhsjysimm3o77fq.ipfs.cf-ipfs.com/",
  "https://bafybeicm5clh7fl4up4prnbfqksou6vsp5voth54rcsxhsjysimm3o77fq.ipfs.dweb.link/",
  "https://bafybeicm5clh7fl4up4prnbfqksou6vsp5voth54rcsxhsjysimm3o77fq.on.fleek.co/",
]
`;

exports[`describe cidStr 1`] = `
Array [
  "https://ipfs.io/ipfs/QmTWsPwz1wrKSgpiKa5tyC3rWkWh3Kym6ikCSmwiGPsfqd",
  "https://ipfs.infura.io/ipfs/QmTWsPwz1wrKSgpiKa5tyC3rWkWh3Kym6ikCSmwiGPsfqd",
  "https://infura-ipfs.io/ipfs/QmTWsPwz1wrKSgpiKa5tyC3rWkWh3Kym6ikCSmwiGPsfqd",
  "https://cloudflare-ipfs.com/ipfs/QmTWsPwz1wrKSgpiKa5tyC3rWkWh3Kym6ikCSmwiGPsfqd",
  "https://cf-ipfs.com/ipfs/QmTWsPwz1wrKSgpiKa5tyC3rWkWh3Kym6ikCSmwiGPsfqd",
  "https://gateway.ipfs.io/ipfs/QmTWsPwz1wrKSgpiKa5tyC3rWkWh3Kym6ikCSmwiGPsfqd",
  "https://dweb.link/ipfs/QmTWsPwz1wrKSgpiKa5tyC3rWkWh3Kym6ikCSmwiGPsfqd",
  "https://ipfs.fleek.co/ipfs/QmTWsPwz1wrKSgpiKa5tyC3rWkWh3Kym6ikCSmwiGPsfqd",
  "https://gateway.pinata.cloud/ipfs/QmTWsPwz1wrKSgpiKa5tyC3rWkWh3Kym6ikCSmwiGPsfqd",
  "https://ipfs.greyh.at/ipfs/QmTWsPwz1wrKSgpiKa5tyC3rWkWh3Kym6ikCSmwiGPsfqd",
  "https://jorropo.net/ipfs/QmTWsPwz1wrKSgpiKa5tyC3rWkWh3Kym6ikCSmwiGPsfqd",
  "https://ipfs.runfission.com/ipfs/QmTWsPwz1wrKSgpiKa5tyC3rWkWh3Kym6ikCSmwiGPsfqd",
  "https://ipfs.best-practice.se/ipfs/QmTWsPwz1wrKSgpiKa5tyC3rWkWh3Kym6ikCSmwiGPsfqd",
  "https://snap1.d.tube/ipfs/QmTWsPwz1wrKSgpiKa5tyC3rWkWh3Kym6ikCSmwiGPsfqd",
  "https://gateway.originprotocol.com/ipfs/QmTWsPwz1wrKSgpiKa5tyC3rWkWh3Kym6ikCSmwiGPsfqd",
  "https://ipfs.mrh.io/ipfs/QmTWsPwz1wrKSgpiKa5tyC3rWkWh3Kym6ikCSmwiGPsfqd",
  "https://10.via0.com/ipfs/QmTWsPwz1wrKSgpiKa5tyC3rWkWh3Kym6ikCSmwiGPsfqd",
  "https://ninetailed.ninja/ipfs/QmTWsPwz1wrKSgpiKa5tyC3rWkWh3Kym6ikCSmwiGPsfqd",
  "https://ipfs.yt/ipfs/QmTWsPwz1wrKSgpiKa5tyC3rWkWh3Kym6ikCSmwiGPsfqd",
  "https://ipfs.overpi.com/ipfs/QmTWsPwz1wrKSgpiKa5tyC3rWkWh3Kym6ikCSmwiGPsfqd",
  "https://ipfs.drink.cafe/ipfs/QmTWsPwz1wrKSgpiKa5tyC3rWkWh3Kym6ikCSmwiGPsfqd",
  "https://robotizing.net/ipfs/QmTWsPwz1wrKSgpiKa5tyC3rWkWh3Kym6ikCSmwiGPsfqd",
  "https://ipfs.telos.miami/ipfs/QmTWsPwz1wrKSgpiKa5tyC3rWkWh3Kym6ikCSmwiGPsfqd",
  "https://ipfs.tubby.cloud/ipfs/QmTWsPwz1wrKSgpiKa5tyC3rWkWh3Kym6ikCSmwiGPsfqd",
  "https://ipfs.kaleido.art/ipfs/QmTWsPwz1wrKSgpiKa5tyC3rWkWh3Kym6ikCSmwiGPsfqd",
  "https://crustwebsites.net/ipfs/QmTWsPwz1wrKSgpiKa5tyC3rWkWh3Kym6ikCSmwiGPsfqd",
  "https://hub.textile.io/ipfs/QmTWsPwz1wrKSgpiKa5tyC3rWkWh3Kym6ikCSmwiGPsfqd",
  "https://ipfs.itargo.io/ipfs/QmTWsPwz1wrKSgpiKa5tyC3rWkWh3Kym6ikCSmwiGPsfqd",
  "https://ipfs.decoo.io/ipfs/QmTWsPwz1wrKSgpiKa5tyC3rWkWh3Kym6ikCSmwiGPsfqd",
  "https://ipfs.denarius.io/ipfs/QmTWsPwz1wrKSgpiKa5tyC3rWkWh3Kym6ikCSmwiGPsfqd",
  "https://ravencoinipfs-gateway.com/ipfs/QmTWsPwz1wrKSgpiKa5tyC3rWkWh3Kym6ikCSmwiGPsfqd",
  "https://trusted-setup.filecoin.io/ipfs/QmTWsPwz1wrKSgpiKa5tyC3rWkWh3Kym6ikCSmwiGPsfqd",
  "https://ipfs.eth.aragon.network/ipfs/QmTWsPwz1wrKSgpiKa5tyC3rWkWh3Kym6ikCSmwiGPsfqd",
  "https://bluelight.link/ipfs/QmTWsPwz1wrKSgpiKa5tyC3rWkWh3Kym6ikCSmwiGPsfqd",
  "https://ipfs.smartholdem.io/ipfs/QmTWsPwz1wrKSgpiKa5tyC3rWkWh3Kym6ikCSmwiGPsfqd",
  "https://ipfs.slang.cx/ipfs/QmTWsPwz1wrKSgpiKa5tyC3rWkWh3Kym6ikCSmwiGPsfqd",
  "https://video.oneloveipfs.com/ipfs/QmTWsPwz1wrKSgpiKa5tyC3rWkWh3Kym6ikCSmwiGPsfqd",
  "https://bafybeicm5clh7fl4up4prnbfqksou6vsp5voth54rcsxhsjysimm3o77fq.ipfs.infura-ipfs.io/",
  "https://bafybeicm5clh7fl4up4prnbfqksou6vsp5voth54rcsxhsjysimm3o77fq.ipfs.cf-ipfs.com/",
  "https://bafybeicm5clh7fl4up4prnbfqksou6vsp5voth54rcsxhsjysimm3o77fq.ipfs.dweb.link/",
  "https://bafybeicm5clh7fl4up4prnbfqksou6vsp5voth54rcsxhsjysimm3o77fq.on.fleek.co/",
]
`;

exports[`describe cidToBase32 1`] = `
Array [
  "https://ipfs.io/ipfs/bafybeicm5clh7fl4up4prnbfqksou6vsp5voth54rcsxhsjysimm3o77fq",
  "https://ipfs.infura.io/ipfs/bafybeicm5clh7fl4up4prnbfqksou6vsp5voth54rcsxhsjysimm3o77fq",
  "https://infura-ipfs.io/ipfs/bafybeicm5clh7fl4up4prnbfqksou6vsp5voth54rcsxhsjysimm3o77fq",
  "https://cloudflare-ipfs.com/ipfs/bafybeicm5clh7fl4up4prnbfqksou6vsp5voth54rcsxhsjysimm3o77fq",
  "https://cf-ipfs.com/ipfs/bafybeicm5clh7fl4up4prnbfqksou6vsp5voth54rcsxhsjysimm3o77fq",
  "https://gateway.ipfs.io/ipfs/bafybeicm5clh7fl4up4prnbfqksou6vsp5voth54rcsxhsjysimm3o77fq",
  "https://dweb.link/ipfs/bafybeicm5clh7fl4up4prnbfqksou6vsp5voth54rcsxhsjysimm3o77fq",
  "https://ipfs.fleek.co/ipfs/bafybeicm5clh7fl4up4prnbfqksou6vsp5voth54rcsxhsjysimm3o77fq",
  "https://gateway.pinata.cloud/ipfs/bafybeicm5clh7fl4up4prnbfqksou6vsp5voth54rcsxhsjysimm3o77fq",
  "https://ipfs.greyh.at/ipfs/bafybeicm5clh7fl4up4prnbfqksou6vsp5voth54rcsxhsjysimm3o77fq",
  "https://jorropo.net/ipfs/bafybeicm5clh7fl4up4prnbfqksou6vsp5voth54rcsxhsjysimm3o77fq",
  "https://ipfs.runfission.com/ipfs/bafybeicm5clh7fl4up4prnbfqksou6vsp5voth54rcsxhsjysimm3o77fq",
  "https://ipfs.best-practice.se/ipfs/bafybeicm5clh7fl4up4prnbfqksou6vsp5voth54rcsxhsjysimm3o77fq",
  "https://snap1.d.tube/ipfs/bafybeicm5clh7fl4up4prnbfqksou6vsp5voth54rcsxhsjysimm3o77fq",
  "https://gateway.originprotocol.com/ipfs/bafybeicm5clh7fl4up4prnbfqksou6vsp5voth54rcsxhsjysimm3o77fq",
  "https://ipfs.mrh.io/ipfs/bafybeicm5clh7fl4up4prnbfqksou6vsp5voth54rcsxhsjysimm3o77fq",
  "https://10.via0.com/ipfs/bafybeicm5clh7fl4up4prnbfqksou6vsp5voth54rcsxhsjysimm3o77fq",
  "https://ninetailed.ninja/ipfs/bafybeicm5clh7fl4up4prnbfqksou6vsp5voth54rcsxhsjysimm3o77fq",
  "https://ipfs.yt/ipfs/bafybeicm5clh7fl4up4prnbfqksou6vsp5voth54rcsxhsjysimm3o77fq",
  "https://ipfs.overpi.com/ipfs/bafybeicm5clh7fl4up4prnbfqksou6vsp5voth54rcsxhsjysimm3o77fq",
  "https://ipfs.drink.cafe/ipfs/bafybeicm5clh7fl4up4prnbfqksou6vsp5voth54rcsxhsjysimm3o77fq",
  "https://robotizing.net/ipfs/bafybeicm5clh7fl4up4prnbfqksou6vsp5voth54rcsxhsjysimm3o77fq",
  "https://ipfs.telos.miami/ipfs/bafybeicm5clh7fl4up4prnbfqksou6vsp5voth54rcsxhsjysimm3o77fq",
  "https://ipfs.tubby.cloud/ipfs/bafybeicm5clh7fl4up4prnbfqksou6vsp5voth54rcsxhsjysimm3o77fq",
  "https://ipfs.kaleido.art/ipfs/bafybeicm5clh7fl4up4prnbfqksou6vsp5voth54rcsxhsjysimm3o77fq",
  "https://crustwebsites.net/ipfs/bafybeicm5clh7fl4up4prnbfqksou6vsp5voth54rcsxhsjysimm3o77fq",
  "https://hub.textile.io/ipfs/bafybeicm5clh7fl4up4prnbfqksou6vsp5voth54rcsxhsjysimm3o77fq",
  "https://ipfs.itargo.io/ipfs/bafybeicm5clh7fl4up4prnbfqksou6vsp5voth54rcsxhsjysimm3o77fq",
  "https://ipfs.decoo.io/ipfs/bafybeicm5clh7fl4up4prnbfqksou6vsp5voth54rcsxhsjysimm3o77fq",
  "https://ipfs.denarius.io/ipfs/bafybeicm5clh7fl4up4prnbfqksou6vsp5voth54rcsxhsjysimm3o77fq",
  "https://ravencoinipfs-gateway.com/ipfs/bafybeicm5clh7fl4up4prnbfqksou6vsp5voth54rcsxhsjysimm3o77fq",
  "https://trusted-setup.filecoin.io/ipfs/bafybeicm5clh7fl4up4prnbfqksou6vsp5voth54rcsxhsjysimm3o77fq",
  "https://ipfs.eth.aragon.network/ipfs/bafybeicm5clh7fl4up4prnbfqksou6vsp5voth54rcsxhsjysimm3o77fq",
  "https://bluelight.link/ipfs/bafybeicm5clh7fl4up4prnbfqksou6vsp5voth54rcsxhsjysimm3o77fq",
  "https://ipfs.smartholdem.io/ipfs/bafybeicm5clh7fl4up4prnbfqksou6vsp5voth54rcsxhsjysimm3o77fq",
  "https://ipfs.slang.cx/ipfs/bafybeicm5clh7fl4up4prnbfqksou6vsp5voth54rcsxhsjysimm3o77fq",
  "https://video.oneloveipfs.com/ipfs/bafybeicm5clh7fl4up4prnbfqksou6vsp5voth54rcsxhsjysimm3o77fq",
  "https://bafybeicm5clh7fl4up4prnbfqksou6vsp5voth54rcsxhsjysimm3o77fq.ipfs.infura-ipfs.io/",
  "https://bafybeicm5clh7fl4up4prnbfqksou6vsp5voth54rcsxhsjysimm3o77fq.ipfs.cf-ipfs.com/",
  "https://bafybeicm5clh7fl4up4prnbfqksou6vsp5voth54rcsxhsjysimm3o77fq.ipfs.dweb.link/",
  "https://bafybeicm5clh7fl4up4prnbfqksou6vsp5voth54rcsxhsjysimm3o77fq.on.fleek.co/",
]
`;

exports[`describe cidToQmHash 1`] = `
Array [
  "https://ipfs.io/ipfs/QmTWsPwz1wrKSgpiKa5tyC3rWkWh3Kym6ikCSmwiGPsfqd",
  "https://ipfs.infura.io/ipfs/QmTWsPwz1wrKSgpiKa5tyC3rWkWh3Kym6ikCSmwiGPsfqd",
  "https://infura-ipfs.io/ipfs/QmTWsPwz1wrKSgpiKa5tyC3rWkWh3Kym6ikCSmwiGPsfqd",
  "https://cloudflare-ipfs.com/ipfs/QmTWsPwz1wrKSgpiKa5tyC3rWkWh3Kym6ikCSmwiGPsfqd",
  "https://cf-ipfs.com/ipfs/QmTWsPwz1wrKSgpiKa5tyC3rWkWh3Kym6ikCSmwiGPsfqd",
  "https://gateway.ipfs.io/ipfs/QmTWsPwz1wrKSgpiKa5tyC3rWkWh3Kym6ikCSmwiGPsfqd",
  "https://dweb.link/ipfs/QmTWsPwz1wrKSgpiKa5tyC3rWkWh3Kym6ikCSmwiGPsfqd",
  "https://ipfs.fleek.co/ipfs/QmTWsPwz1wrKSgpiKa5tyC3rWkWh3Kym6ikCSmwiGPsfqd",
  "https://gateway.pinata.cloud/ipfs/QmTWsPwz1wrKSgpiKa5tyC3rWkWh3Kym6ikCSmwiGPsfqd",
  "https://ipfs.greyh.at/ipfs/QmTWsPwz1wrKSgpiKa5tyC3rWkWh3Kym6ikCSmwiGPsfqd",
  "https://jorropo.net/ipfs/QmTWsPwz1wrKSgpiKa5tyC3rWkWh3Kym6ikCSmwiGPsfqd",
  "https://ipfs.runfission.com/ipfs/QmTWsPwz1wrKSgpiKa5tyC3rWkWh3Kym6ikCSmwiGPsfqd",
  "https://ipfs.best-practice.se/ipfs/QmTWsPwz1wrKSgpiKa5tyC3rWkWh3Kym6ikCSmwiGPsfqd",
  "https://snap1.d.tube/ipfs/QmTWsPwz1wrKSgpiKa5tyC3rWkWh3Kym6ikCSmwiGPsfqd",
  "https://gateway.originprotocol.com/ipfs/QmTWsPwz1wrKSgpiKa5tyC3rWkWh3Kym6ikCSmwiGPsfqd",
  "https://ipfs.mrh.io/ipfs/QmTWsPwz1wrKSgpiKa5tyC3rWkWh3Kym6ikCSmwiGPsfqd",
  "https://10.via0.com/ipfs/QmTWsPwz1wrKSgpiKa5tyC3rWkWh3Kym6ikCSmwiGPsfqd",
  "https://ninetailed.ninja/ipfs/QmTWsPwz1wrKSgpiKa5tyC3rWkWh3Kym6ikCSmwiGPsfqd",
  "https://ipfs.yt/ipfs/QmTWsPwz1wrKSgpiKa5tyC3rWkWh3Kym6ikCSmwiGPsfqd",
  "https://ipfs.overpi.com/ipfs/QmTWsPwz1wrKSgpiKa5tyC3rWkWh3Kym6ikCSmwiGPsfqd",
  "https://ipfs.drink.cafe/ipfs/QmTWsPwz1wrKSgpiKa5tyC3rWkWh3Kym6ikCSmwiGPsfqd",
  "https://robotizing.net/ipfs/QmTWsPwz1wrKSgpiKa5tyC3rWkWh3Kym6ikCSmwiGPsfqd",
  "https://ipfs.telos.miami/ipfs/QmTWsPwz1wrKSgpiKa5tyC3rWkWh3Kym6ikCSmwiGPsfqd",
  "https://ipfs.tubby.cloud/ipfs/QmTWsPwz1wrKSgpiKa5tyC3rWkWh3Kym6ikCSmwiGPsfqd",
  "https://ipfs.kaleido.art/ipfs/QmTWsPwz1wrKSgpiKa5tyC3rWkWh3Kym6ikCSmwiGPsfqd",
  "https://crustwebsites.net/ipfs/QmTWsPwz1wrKSgpiKa5tyC3rWkWh3Kym6ikCSmwiGPsfqd",
  "https://hub.textile.io/ipfs/QmTWsPwz1wrKSgpiKa5tyC3rWkWh3Kym6ikCSmwiGPsfqd",
  "https://ipfs.itargo.io/ipfs/QmTWsPwz1wrKSgpiKa5tyC3rWkWh3Kym6ikCSmwiGPsfqd",
  "https://ipfs.decoo.io/ipfs/QmTWsPwz1wrKSgpiKa5tyC3rWkWh3Kym6ikCSmwiGPsfqd",
  "https://ipfs.denarius.io/ipfs/QmTWsPwz1wrKSgpiKa5tyC3rWkWh3Kym6ikCSmwiGPsfqd",
  "https://ravencoinipfs-gateway.com/ipfs/QmTWsPwz1wrKSgpiKa5tyC3rWkWh3Kym6ikCSmwiGPsfqd",
  "https://trusted-setup.filecoin.io/ipfs/QmTWsPwz1wrKSgpiKa5tyC3rWkWh3Kym6ikCSmwiGPsfqd",
  "https://ipfs.eth.aragon.network/ipfs/QmTWsPwz1wrKSgpiKa5tyC3rWkWh3Kym6ikCSmwiGPsfqd",
  "https://bluelight.link/ipfs/QmTWsPwz1wrKSgpiKa5tyC3rWkWh3Kym6ikCSmwiGPsfqd",
  "https://ipfs.smartholdem.io/ipfs/QmTWsPwz1wrKSgpiKa5tyC3rWkWh3Kym6ikCSmwiGPsfqd",
  "https://ipfs.slang.cx/ipfs/QmTWsPwz1wrKSgpiKa5tyC3rWkWh3Kym6ikCSmwiGPsfqd",
  "https://video.oneloveipfs.com/ipfs/QmTWsPwz1wrKSgpiKa5tyC3rWkWh3Kym6ikCSmwiGPsfqd",
  "https://bafybeicm5clh7fl4up4prnbfqksou6vsp5voth54rcsxhsjysimm3o77fq.ipfs.infura-ipfs.io/",
  "https://bafybeicm5clh7fl4up4prnbfqksou6vsp5voth54rcsxhsjysimm3o77fq.ipfs.cf-ipfs.com/",
  "https://bafybeicm5clh7fl4up4prnbfqksou6vsp5voth54rcsxhsjysimm3o77fq.ipfs.dweb.link/",
  "https://bafybeicm5clh7fl4up4prnbfqksou6vsp5voth54rcsxhsjysimm3o77fq.on.fleek.co/",
]
`;

exports[`describe toCID 1`] = `
Array [
  "https://ipfs.io/ipfs/QmTWsPwz1wrKSgpiKa5tyC3rWkWh3Kym6ikCSmwiGPsfqd",
  "https://ipfs.infura.io/ipfs/QmTWsPwz1wrKSgpiKa5tyC3rWkWh3Kym6ikCSmwiGPsfqd",
  "https://infura-ipfs.io/ipfs/QmTWsPwz1wrKSgpiKa5tyC3rWkWh3Kym6ikCSmwiGPsfqd",
  "https://cloudflare-ipfs.com/ipfs/QmTWsPwz1wrKSgpiKa5tyC3rWkWh3Kym6ikCSmwiGPsfqd",
  "https://cf-ipfs.com/ipfs/QmTWsPwz1wrKSgpiKa5tyC3rWkWh3Kym6ikCSmwiGPsfqd",
  "https://gateway.ipfs.io/ipfs/QmTWsPwz1wrKSgpiKa5tyC3rWkWh3Kym6ikCSmwiGPsfqd",
  "https://dweb.link/ipfs/QmTWsPwz1wrKSgpiKa5tyC3rWkWh3Kym6ikCSmwiGPsfqd",
  "https://ipfs.fleek.co/ipfs/QmTWsPwz1wrKSgpiKa5tyC3rWkWh3Kym6ikCSmwiGPsfqd",
  "https://gateway.pinata.cloud/ipfs/QmTWsPwz1wrKSgpiKa5tyC3rWkWh3Kym6ikCSmwiGPsfqd",
  "https://ipfs.greyh.at/ipfs/QmTWsPwz1wrKSgpiKa5tyC3rWkWh3Kym6ikCSmwiGPsfqd",
  "https://jorropo.net/ipfs/QmTWsPwz1wrKSgpiKa5tyC3rWkWh3Kym6ikCSmwiGPsfqd",
  "https://ipfs.runfission.com/ipfs/QmTWsPwz1wrKSgpiKa5tyC3rWkWh3Kym6ikCSmwiGPsfqd",
  "https://ipfs.best-practice.se/ipfs/QmTWsPwz1wrKSgpiKa5tyC3rWkWh3Kym6ikCSmwiGPsfqd",
  "https://snap1.d.tube/ipfs/QmTWsPwz1wrKSgpiKa5tyC3rWkWh3Kym6ikCSmwiGPsfqd",
  "https://gateway.originprotocol.com/ipfs/QmTWsPwz1wrKSgpiKa5tyC3rWkWh3Kym6ikCSmwiGPsfqd",
  "https://ipfs.mrh.io/ipfs/QmTWsPwz1wrKSgpiKa5tyC3rWkWh3Kym6ikCSmwiGPsfqd",
  "https://10.via0.com/ipfs/QmTWsPwz1wrKSgpiKa5tyC3rWkWh3Kym6ikCSmwiGPsfqd",
  "https://ninetailed.ninja/ipfs/QmTWsPwz1wrKSgpiKa5tyC3rWkWh3Kym6ikCSmwiGPsfqd",
  "https://ipfs.yt/ipfs/QmTWsPwz1wrKSgpiKa5tyC3rWkWh3Kym6ikCSmwiGPsfqd",
  "https://ipfs.overpi.com/ipfs/QmTWsPwz1wrKSgpiKa5tyC3rWkWh3Kym6ikCSmwiGPsfqd",
  "https://ipfs.drink.cafe/ipfs/QmTWsPwz1wrKSgpiKa5tyC3rWkWh3Kym6ikCSmwiGPsfqd",
  "https://robotizing.net/ipfs/QmTWsPwz1wrKSgpiKa5tyC3rWkWh3Kym6ikCSmwiGPsfqd",
  "https://ipfs.telos.miami/ipfs/QmTWsPwz1wrKSgpiKa5tyC3rWkWh3Kym6ikCSmwiGPsfqd",
  "https://ipfs.tubby.cloud/ipfs/QmTWsPwz1wrKSgpiKa5tyC3rWkWh3Kym6ikCSmwiGPsfqd",
  "https://ipfs.kaleido.art/ipfs/QmTWsPwz1wrKSgpiKa5tyC3rWkWh3Kym6ikCSmwiGPsfqd",
  "https://crustwebsites.net/ipfs/QmTWsPwz1wrKSgpiKa5tyC3rWkWh3Kym6ikCSmwiGPsfqd",
  "https://hub.textile.io/ipfs/QmTWsPwz1wrKSgpiKa5tyC3rWkWh3Kym6ikCSmwiGPsfqd",
  "https://ipfs.itargo.io/ipfs/QmTWsPwz1wrKSgpiKa5tyC3rWkWh3Kym6ikCSmwiGPsfqd",
  "https://ipfs.decoo.io/ipfs/QmTWsPwz1wrKSgpiKa5tyC3rWkWh3Kym6ikCSmwiGPsfqd",
  "https://ipfs.denarius.io/ipfs/QmTWsPwz1wrKSgpiKa5tyC3rWkWh3Kym6ikCSmwiGPsfqd",
  "https://ravencoinipfs-gateway.com/ipfs/QmTWsPwz1wrKSgpiKa5tyC3rWkWh3Kym6ikCSmwiGPsfqd",
  "https://trusted-setup.filecoin.io/ipfs/QmTWsPwz1wrKSgpiKa5tyC3rWkWh3Kym6ikCSmwiGPsfqd",
  "https://ipfs.eth.aragon.network/ipfs/QmTWsPwz1wrKSgpiKa5tyC3rWkWh3Kym6ikCSmwiGPsfqd",
  "https://bluelight.link/ipfs/QmTWsPwz1wrKSgpiKa5tyC3rWkWh3Kym6ikCSmwiGPsfqd",
  "https://ipfs.smartholdem.io/ipfs/QmTWsPwz1wrKSgpiKa5tyC3rWkWh3Kym6ikCSmwiGPsfqd",
  "https://ipfs.slang.cx/ipfs/QmTWsPwz1wrKSgpiKa5tyC3rWkWh3Kym6ikCSmwiGPsfqd",
  "https://video.oneloveipfs.com/ipfs/QmTWsPwz1wrKSgpiKa5tyC3rWkWh3Kym6ikCSmwiGPsfqd",
  "https://bafybeicm5clh7fl4up4prnbfqksou6vsp5voth54rcsxhsjysimm3o77fq.ipfs.infura-ipfs.io/",
  "https://bafybeicm5clh7fl4up4prnbfqksou6vsp5voth54rcsxhsjysimm3o77fq.ipfs.cf-ipfs.com/",
  "https://bafybeicm5clh7fl4up4prnbfqksou6vsp5voth54rcsxhsjysimm3o77fq.ipfs.dweb.link/",
  "https://bafybeicm5clh7fl4up4prnbfqksou6vsp5voth54rcsxhsjysimm3o77fq.on.fleek.co/",
]
`;

exports[`describe toSubdomainCID 1`] = `
Array [
  "https://ipfs.io/ipfs/bafybeicm5clh7fl4up4prnbfqksou6vsp5voth54rcsxhsjysimm3o77fq",
  "https://ipfs.infura.io/ipfs/bafybeicm5clh7fl4up4prnbfqksou6vsp5voth54rcsxhsjysimm3o77fq",
  "https://infura-ipfs.io/ipfs/bafybeicm5clh7fl4up4prnbfqksou6vsp5voth54rcsxhsjysimm3o77fq",
  "https://cloudflare-ipfs.com/ipfs/bafybeicm5clh7fl4up4prnbfqksou6vsp5voth54rcsxhsjysimm3o77fq",
  "https://cf-ipfs.com/ipfs/bafybeicm5clh7fl4up4prnbfqksou6vsp5voth54rcsxhsjysimm3o77fq",
  "https://gateway.ipfs.io/ipfs/bafybeicm5clh7fl4up4prnbfqksou6vsp5voth54rcsxhsjysimm3o77fq",
  "https://dweb.link/ipfs/bafybeicm5clh7fl4up4prnbfqksou6vsp5voth54rcsxhsjysimm3o77fq",
  "https://ipfs.fleek.co/ipfs/bafybeicm5clh7fl4up4prnbfqksou6vsp5voth54rcsxhsjysimm3o77fq",
  "https://gateway.pinata.cloud/ipfs/bafybeicm5clh7fl4up4prnbfqksou6vsp5voth54rcsxhsjysimm3o77fq",
  "https://ipfs.greyh.at/ipfs/bafybeicm5clh7fl4up4prnbfqksou6vsp5voth54rcsxhsjysimm3o77fq",
  "https://jorropo.net/ipfs/bafybeicm5clh7fl4up4prnbfqksou6vsp5voth54rcsxhsjysimm3o77fq",
  "https://ipfs.runfission.com/ipfs/bafybeicm5clh7fl4up4prnbfqksou6vsp5voth54rcsxhsjysimm3o77fq",
  "https://ipfs.best-practice.se/ipfs/bafybeicm5clh7fl4up4prnbfqksou6vsp5voth54rcsxhsjysimm3o77fq",
  "https://snap1.d.tube/ipfs/bafybeicm5clh7fl4up4prnbfqksou6vsp5voth54rcsxhsjysimm3o77fq",
  "https://gateway.originprotocol.com/ipfs/bafybeicm5clh7fl4up4prnbfqksou6vsp5voth54rcsxhsjysimm3o77fq",
  "https://ipfs.mrh.io/ipfs/bafybeicm5clh7fl4up4prnbfqksou6vsp5voth54rcsxhsjysimm3o77fq",
  "https://10.via0.com/ipfs/bafybeicm5clh7fl4up4prnbfqksou6vsp5voth54rcsxhsjysimm3o77fq",
  "https://ninetailed.ninja/ipfs/bafybeicm5clh7fl4up4prnbfqksou6vsp5voth54rcsxhsjysimm3o77fq",
  "https://ipfs.yt/ipfs/bafybeicm5clh7fl4up4prnbfqksou6vsp5voth54rcsxhsjysimm3o77fq",
  "https://ipfs.overpi.com/ipfs/bafybeicm5clh7fl4up4prnbfqksou6vsp5voth54rcsxhsjysimm3o77fq",
  "https://ipfs.drink.cafe/ipfs/bafybeicm5clh7fl4up4prnbfqksou6vsp5voth54rcsxhsjysimm3o77fq",
  "https://robotizing.net/ipfs/bafybeicm5clh7fl4up4prnbfqksou6vsp5voth54rcsxhsjysimm3o77fq",
  "https://ipfs.telos.miami/ipfs/bafybeicm5clh7fl4up4prnbfqksou6vsp5voth54rcsxhsjysimm3o77fq",
  "https://ipfs.tubby.cloud/ipfs/bafybeicm5clh7fl4up4prnbfqksou6vsp5voth54rcsxhsjysimm3o77fq",
  "https://ipfs.kaleido.art/ipfs/bafybeicm5clh7fl4up4prnbfqksou6vsp5voth54rcsxhsjysimm3o77fq",
  "https://crustwebsites.net/ipfs/bafybeicm5clh7fl4up4prnbfqksou6vsp5voth54rcsxhsjysimm3o77fq",
  "https://hub.textile.io/ipfs/bafybeicm5clh7fl4up4prnbfqksou6vsp5voth54rcsxhsjysimm3o77fq",
  "https://ipfs.itargo.io/ipfs/bafybeicm5clh7fl4up4prnbfqksou6vsp5voth54rcsxhsjysimm3o77fq",
  "https://ipfs.decoo.io/ipfs/bafybeicm5clh7fl4up4prnbfqksou6vsp5voth54rcsxhsjysimm3o77fq",
  "https://ipfs.denarius.io/ipfs/bafybeicm5clh7fl4up4prnbfqksou6vsp5voth54rcsxhsjysimm3o77fq",
  "https://ravencoinipfs-gateway.com/ipfs/bafybeicm5clh7fl4up4prnbfqksou6vsp5voth54rcsxhsjysimm3o77fq",
  "https://trusted-setup.filecoin.io/ipfs/bafybeicm5clh7fl4up4prnbfqksou6vsp5voth54rcsxhsjysimm3o77fq",
  "https://ipfs.eth.aragon.network/ipfs/bafybeicm5clh7fl4up4prnbfqksou6vsp5voth54rcsxhsjysimm3o77fq",
  "https://bluelight.link/ipfs/bafybeicm5clh7fl4up4prnbfqksou6vsp5voth54rcsxhsjysimm3o77fq",
  "https://ipfs.smartholdem.io/ipfs/bafybeicm5clh7fl4up4prnbfqksou6vsp5voth54rcsxhsjysimm3o77fq",
  "https://ipfs.slang.cx/ipfs/bafybeicm5clh7fl4up4prnbfqksou6vsp5voth54rcsxhsjysimm3o77fq",
  "https://video.oneloveipfs.com/ipfs/bafybeicm5clh7fl4up4prnbfqksou6vsp5voth54rcsxhsjysimm3o77fq",
  "https://bafybeicm5clh7fl4up4prnbfqksou6vsp5voth54rcsxhsjysimm3o77fq.ipfs.infura-ipfs.io/",
  "https://bafybeicm5clh7fl4up4prnbfqksou6vsp5voth54rcsxhsjysimm3o77fq.ipfs.cf-ipfs.com/",
  "https://bafybeicm5clh7fl4up4prnbfqksou6vsp5voth54rcsxhsjysimm3o77fq.ipfs.dweb.link/",
  "https://bafybeicm5clh7fl4up4prnbfqksou6vsp5voth54rcsxhsjysimm3o77fq.on.fleek.co/",
]
`;
