// Jest Snapshot v1, https://goo.gl/fbAQLP

exports[`toCID:CID 1`] = `
Object {
  "codec": "dag-pb",
  "multibaseName": "base58btc",
  "multihash": Object {
    "0": 18,
    "1": 32,
    "10": 123,
    "11": 89,
    "12": 19,
    "13": 86,
    "14": 24,
    "15": 96,
    "16": 118,
    "17": 229,
    "18": 238,
    "19": 199,
    "2": 183,
    "20": 116,
    "21": 2,
    "22": 56,
    "23": 83,
    "24": 37,
    "25": 188,
    "26": 26,
    "27": 8,
    "28": 22,
    "29": 181,
    "3": 254,
    "30": 187,
    "31": 118,
    "32": 74,
    "33": 219,
    "4": 8,
    "5": 30,
    "6": 244,
    "7": 17,
    "8": 96,
    "9": 165,
  },
  "version": 0,
}
`;

exports[`toCID:CID 2`] = `"Qmaisz6NMhDB51cCvNWa1GMS7LU1pAxdF4Ld6Ft9kZEP2a"`;

exports[`toCID:CID 3`] = `"zdj7Whp8MXSDAgmwiv8f7UBseBzjYfTXiNm7Nk9m4GpZzoHCW"`;

exports[`toCID:raw 1`] = `
Object {
  "codec": "dag-pb",
  "multibaseName": "base58btc",
  "multihash": Object {
    "0": 18,
    "1": 32,
    "10": 123,
    "11": 89,
    "12": 19,
    "13": 86,
    "14": 24,
    "15": 96,
    "16": 118,
    "17": 229,
    "18": 238,
    "19": 199,
    "2": 183,
    "20": 116,
    "21": 2,
    "22": 56,
    "23": 83,
    "24": 37,
    "25": 188,
    "26": 26,
    "27": 8,
    "28": 22,
    "29": 181,
    "3": 254,
    "30": 187,
    "31": 118,
    "32": 74,
    "33": 219,
    "4": 8,
    "5": 30,
    "6": 244,
    "7": 17,
    "8": 96,
    "9": 165,
  },
  "version": 0,
}
`;

exports[`toCID:raw 2`] = `"Qmaisz6NMhDB51cCvNWa1GMS7LU1pAxdF4Ld6Ft9kZEP2a"`;

exports[`toCID:raw 3`] = `"zdj7Whp8MXSDAgmwiv8f7UBseBzjYfTXiNm7Nk9m4GpZzoHCW"`;

exports[`toCID:raw without multibaseName 1`] = `
Object {
  "codec": "dag-pb",
  "multibaseName": "base58btc",
  "multihash": Object {
    "0": 18,
    "1": 32,
    "10": 123,
    "11": 89,
    "12": 19,
    "13": 86,
    "14": 24,
    "15": 96,
    "16": 118,
    "17": 229,
    "18": 238,
    "19": 199,
    "2": 183,
    "20": 116,
    "21": 2,
    "22": 56,
    "23": 83,
    "24": 37,
    "25": 188,
    "26": 26,
    "27": 8,
    "28": 22,
    "29": 181,
    "3": 254,
    "30": 187,
    "31": 118,
    "32": 74,
    "33": 219,
    "4": 8,
    "5": 30,
    "6": 244,
    "7": 17,
    "8": 96,
    "9": 165,
  },
  "version": 0,
}
`;

exports[`toCID:raw without multibaseName 2`] = `"Qmaisz6NMhDB51cCvNWa1GMS7LU1pAxdF4Ld6Ft9kZEP2a"`;

exports[`toCID:raw without multibaseName 3`] = `"zdj7Whp8MXSDAgmwiv8f7UBseBzjYfTXiNm7Nk9m4GpZzoHCW"`;

exports[`toCID:string 1`] = `
Object {
  "codec": "dag-pb",
  "multibaseName": "base58btc",
  "multihash": Any<Uint8Array>,
  "version": 0,
}
`;

exports[`toCID:string 2`] = `"Qmaisz6NMhDB51cCvNWa1GMS7LU1pAxdF4Ld6Ft9kZEP2a"`;

exports[`toCID:string 3`] = `"zdj7Whp8MXSDAgmwiv8f7UBseBzjYfTXiNm7Nk9m4GpZzoHCW"`;
