// Jest Snapshot v1, https://goo.gl/fbAQLP

exports[`toCID:CID 1`] = `
{
  "bytes": {
    "0": 18,
    "1": 32,
    "10": 123,
    "11": 89,
    "12": 19,
    "13": 86,
    "14": 24,
    "15": 96,
    "16": 118,
    "17": 229,
    "18": 238,
    "19": 199,
    "2": 183,
    "20": 116,
    "21": 2,
    "22": 56,
    "23": 83,
    "24": 37,
    "25": 188,
    "26": 26,
    "27": 8,
    "28": 22,
    "29": 181,
    "3": 254,
    "30": 187,
    "31": 118,
    "32": 74,
    "33": 219,
    "4": 8,
    "5": 30,
    "6": 244,
    "7": 17,
    "8": 96,
    "9": 165,
  },
  "code": 112,
  "multihash": {
    "bytes": {
      "0": 18,
      "1": 32,
      "10": 123,
      "11": 89,
      "12": 19,
      "13": 86,
      "14": 24,
      "15": 96,
      "16": 118,
      "17": 229,
      "18": 238,
      "19": 199,
      "2": 183,
      "20": 116,
      "21": 2,
      "22": 56,
      "23": 83,
      "24": 37,
      "25": 188,
      "26": 26,
      "27": 8,
      "28": 22,
      "29": 181,
      "3": 254,
      "30": 187,
      "31": 118,
      "32": 74,
      "33": 219,
      "4": 8,
      "5": 30,
      "6": 244,
      "7": 17,
      "8": 96,
      "9": 165,
    },
    "code": 18,
    "digest": {
      "0": 183,
      "1": 254,
      "10": 19,
      "11": 86,
      "12": 24,
      "13": 96,
      "14": 118,
      "15": 229,
      "16": 238,
      "17": 199,
      "18": 116,
      "19": 2,
      "2": 8,
      "20": 56,
      "21": 83,
      "22": 37,
      "23": 188,
      "24": 26,
      "25": 8,
      "26": 22,
      "27": 181,
      "28": 187,
      "29": 118,
      "3": 30,
      "30": 74,
      "31": 219,
      "4": 244,
      "5": 17,
      "6": 96,
      "7": 165,
      "8": 123,
      "9": 89,
    },
    "size": 32,
  },
  "version": 0,
}
`;

exports[`toCID:CID 2`] = `"Qmaisz6NMhDB51cCvNWa1GMS7LU1pAxdF4Ld6Ft9kZEP2a"`;

exports[`toCID:CID 3`] = `"bafybeifx7yeb55armcsxwwitkymga5xf53dxiarykms3ygqic223w5sk3m"`;

exports[`toCID:raw 1`] = `
{
  "bytes": {
    "0": 18,
    "1": 32,
    "10": 123,
    "11": 89,
    "12": 19,
    "13": 86,
    "14": 24,
    "15": 96,
    "16": 118,
    "17": 229,
    "18": 238,
    "19": 199,
    "2": 183,
    "20": 116,
    "21": 2,
    "22": 56,
    "23": 83,
    "24": 37,
    "25": 188,
    "26": 26,
    "27": 8,
    "28": 22,
    "29": 181,
    "3": 254,
    "30": 187,
    "31": 118,
    "32": 74,
    "33": 219,
    "4": 8,
    "5": 30,
    "6": 244,
    "7": 17,
    "8": 96,
    "9": 165,
  },
  "code": 112,
  "multihash": {
    "bytes": {
      "0": 18,
      "1": 32,
      "10": 123,
      "11": 89,
      "12": 19,
      "13": 86,
      "14": 24,
      "15": 96,
      "16": 118,
      "17": 229,
      "18": 238,
      "19": 199,
      "2": 183,
      "20": 116,
      "21": 2,
      "22": 56,
      "23": 83,
      "24": 37,
      "25": 188,
      "26": 26,
      "27": 8,
      "28": 22,
      "29": 181,
      "3": 254,
      "30": 187,
      "31": 118,
      "32": 74,
      "33": 219,
      "4": 8,
      "5": 30,
      "6": 244,
      "7": 17,
      "8": 96,
      "9": 165,
    },
    "code": 18,
    "digest": {
      "0": 183,
      "1": 254,
      "10": 19,
      "11": 86,
      "12": 24,
      "13": 96,
      "14": 118,
      "15": 229,
      "16": 238,
      "17": 199,
      "18": 116,
      "19": 2,
      "2": 8,
      "20": 56,
      "21": 83,
      "22": 37,
      "23": 188,
      "24": 26,
      "25": 8,
      "26": 22,
      "27": 181,
      "28": 187,
      "29": 118,
      "3": 30,
      "30": 74,
      "31": 219,
      "4": 244,
      "5": 17,
      "6": 96,
      "7": 165,
      "8": 123,
      "9": 89,
    },
    "size": 32,
  },
  "version": 0,
}
`;

exports[`toCID:raw 2`] = `"Qmaisz6NMhDB51cCvNWa1GMS7LU1pAxdF4Ld6Ft9kZEP2a"`;

exports[`toCID:raw 3`] = `"bafybeifx7yeb55armcsxwwitkymga5xf53dxiarykms3ygqic223w5sk3m"`;

exports[`toCID:raw without multibaseName 1`] = `
{
  "bytes": {
    "0": 18,
    "1": 32,
    "10": 123,
    "11": 89,
    "12": 19,
    "13": 86,
    "14": 24,
    "15": 96,
    "16": 118,
    "17": 229,
    "18": 238,
    "19": 199,
    "2": 183,
    "20": 116,
    "21": 2,
    "22": 56,
    "23": 83,
    "24": 37,
    "25": 188,
    "26": 26,
    "27": 8,
    "28": 22,
    "29": 181,
    "3": 254,
    "30": 187,
    "31": 118,
    "32": 74,
    "33": 219,
    "4": 8,
    "5": 30,
    "6": 244,
    "7": 17,
    "8": 96,
    "9": 165,
  },
  "code": 112,
  "multihash": {
    "bytes": {
      "0": 18,
      "1": 32,
      "10": 123,
      "11": 89,
      "12": 19,
      "13": 86,
      "14": 24,
      "15": 96,
      "16": 118,
      "17": 229,
      "18": 238,
      "19": 199,
      "2": 183,
      "20": 116,
      "21": 2,
      "22": 56,
      "23": 83,
      "24": 37,
      "25": 188,
      "26": 26,
      "27": 8,
      "28": 22,
      "29": 181,
      "3": 254,
      "30": 187,
      "31": 118,
      "32": 74,
      "33": 219,
      "4": 8,
      "5": 30,
      "6": 244,
      "7": 17,
      "8": 96,
      "9": 165,
    },
    "code": 18,
    "digest": {
      "0": 183,
      "1": 254,
      "10": 19,
      "11": 86,
      "12": 24,
      "13": 96,
      "14": 118,
      "15": 229,
      "16": 238,
      "17": 199,
      "18": 116,
      "19": 2,
      "2": 8,
      "20": 56,
      "21": 83,
      "22": 37,
      "23": 188,
      "24": 26,
      "25": 8,
      "26": 22,
      "27": 181,
      "28": 187,
      "29": 118,
      "3": 30,
      "30": 74,
      "31": 219,
      "4": 244,
      "5": 17,
      "6": 96,
      "7": 165,
      "8": 123,
      "9": 89,
    },
    "size": 32,
  },
  "version": 0,
}
`;

exports[`toCID:raw without multibaseName 2`] = `"Qmaisz6NMhDB51cCvNWa1GMS7LU1pAxdF4Ld6Ft9kZEP2a"`;

exports[`toCID:raw without multibaseName 3`] = `"bafybeifx7yeb55armcsxwwitkymga5xf53dxiarykms3ygqic223w5sk3m"`;

exports[`toCID:string 1`] = `
{
  "bytes": Uint8Array [
    18,
    32,
    183,
    254,
    8,
    30,
    244,
    17,
    96,
    165,
    123,
    89,
    19,
    86,
    24,
    96,
    118,
    229,
    238,
    199,
    116,
    2,
    56,
    83,
    37,
    188,
    26,
    8,
    22,
    181,
    187,
    118,
    74,
    219,
  ],
  "code": 112,
  "multihash": {
    "bytes": Any<Uint8Array>,
    "code": 18,
    "digest": Uint8Array [
      183,
      254,
      8,
      30,
      244,
      17,
      96,
      165,
      123,
      89,
      19,
      86,
      24,
      96,
      118,
      229,
      238,
      199,
      116,
      2,
      56,
      83,
      37,
      188,
      26,
      8,
      22,
      181,
      187,
      118,
      74,
      219,
    ],
    "size": 32,
  },
  "version": 0,
}
`;

exports[`toCID:string 2`] = `"Qmaisz6NMhDB51cCvNWa1GMS7LU1pAxdF4Ld6Ft9kZEP2a"`;

exports[`toCID:string 3`] = `"bafybeifx7yeb55armcsxwwitkymga5xf53dxiarykms3ygqic223w5sk3m"`;
